created virtual environment CPython3.9.6.final.0-64 in 407ms
  creator CPython3Posix(dest=/localscratch/src.12092013.0/env, clear=False, global=False)
  seeder FromAppData(download=False, pip=latest, setuptools=latest, wheel=latest, via=copy, app_data_dir=/home/src/.local/share/virtualenv/seed-app-data/v1.0.1)
  activators BashActivator,CShellActivator,FishActivator,PowerShellActivator,PythonActivator,XonshActivator
Ignoring pip: markers 'python_version < "3"' don't match your environment
Looking in links: /cvmfs/soft.computecanada.ca/custom/python/wheelhouse/gentoo2020/avx2, /cvmfs/soft.computecanada.ca/custom/python/wheelhouse/gentoo/avx2, /cvmfs/soft.computecanada.ca/custom/python/wheelhouse/gentoo2020/generic, /cvmfs/soft.computecanada.ca/custom/python/wheelhouse/gentoo/generic, /cvmfs/soft.computecanada.ca/custom/python/wheelhouse/generic
Processing /cvmfs/soft.computecanada.ca/custom/python/wheelhouse/generic/pip-23.0+computecanada-py3-none-any.whl
Installing collected packages: pip
  Attempting uninstall: pip
    Found existing installation: pip 20.0.2
    Uninstalling pip-20.0.2:
      Successfully uninstalled pip-20.0.2
Successfully installed pip-23.0+computecanada
Looking in links: /cvmfs/soft.computecanada.ca/custom/python/wheelhouse/gentoo2020/avx2, /cvmfs/soft.computecanada.ca/custom/python/wheelhouse/gentoo/avx2, /cvmfs/soft.computecanada.ca/custom/python/wheelhouse/gentoo2020/generic, /cvmfs/soft.computecanada.ca/custom/python/wheelhouse/gentoo/generic, /cvmfs/soft.computecanada.ca/custom/python/wheelhouse/generic
Processing /cvmfs/soft.computecanada.ca/custom/python/wheelhouse/gentoo/avx2/torch-2.0.1+computecanada-cp39-cp39-linux_x86_64.whl
Requirement already satisfied: sympy in /cvmfs/soft.computecanada.ca/easybuild/software/2020/avx2/Core/scipy-stack/2023b/lib/python3.9/site-packages (from torch) (1.12+computecanada)
Processing /cvmfs/soft.computecanada.ca/custom/python/wheelhouse/generic/networkx-3.1+computecanada-py3-none-any.whl
Processing /cvmfs/soft.computecanada.ca/custom/python/wheelhouse/generic/filelock-3.12.0+computecanada-py3-none-any.whl
Requirement already satisfied: typing-extensions in /cvmfs/soft.computecanada.ca/easybuild/software/2020/avx2/Core/scipy-stack/2023b/lib/python3.9/site-packages (from torch) (4.7.1+computecanada)
Requirement already satisfied: jinja2 in /cvmfs/soft.computecanada.ca/easybuild/software/2020/avx2/Core/scipy-stack/2023b/lib/python3.9/site-packages (from torch) (3.1.2+computecanada)
Requirement already satisfied: MarkupSafe>=2.0 in /cvmfs/soft.computecanada.ca/easybuild/software/2020/avx2/Core/scipy-stack/2023b/lib/python3.9/site-packages (from jinja2->torch) (2.1.3+computecanada)
Requirement already satisfied: mpmath>=0.19 in /cvmfs/soft.computecanada.ca/easybuild/software/2020/avx2/Core/scipy-stack/2023b/lib/python3.9/site-packages (from sympy->torch) (1.3.0+computecanada)
Installing collected packages: networkx, filelock, torch
Successfully installed filelock-3.12.0+computecanada networkx-3.1+computecanada torch-2.0.1+computecanada
Looking in links: /cvmfs/soft.computecanada.ca/custom/python/wheelhouse/gentoo2020/avx2, /cvmfs/soft.computecanada.ca/custom/python/wheelhouse/gentoo/avx2, /cvmfs/soft.computecanada.ca/custom/python/wheelhouse/gentoo2020/generic, /cvmfs/soft.computecanada.ca/custom/python/wheelhouse/gentoo/generic, /cvmfs/soft.computecanada.ca/custom/python/wheelhouse/generic
Processing /cvmfs/soft.computecanada.ca/custom/python/wheelhouse/generic/nltk-3.8.1+computecanada-py3-none-any.whl
Processing /cvmfs/soft.computecanada.ca/custom/python/wheelhouse/generic/tqdm-4.66.1+computecanada-py3-none-any.whl
Processing /cvmfs/soft.computecanada.ca/custom/python/wheelhouse/generic/joblib-1.3.2+computecanada-py3-none-any.whl
Processing /cvmfs/soft.computecanada.ca/custom/python/wheelhouse/generic/click-8.1.7+computecanada-py3-none-any.whl
Processing /cvmfs/soft.computecanada.ca/custom/python/wheelhouse/generic/regex-2023.8.8+computecanada-cp39-cp39-linux_x86_64.whl
Installing collected packages: tqdm, regex, joblib, click, nltk
Successfully installed click-8.1.7+computecanada joblib-1.3.2+computecanada nltk-3.8.1+computecanada regex-2023.8.8+computecanada tqdm-4.66.1+computecanada
Looking in links: /cvmfs/soft.computecanada.ca/custom/python/wheelhouse/gentoo2020/avx2, /cvmfs/soft.computecanada.ca/custom/python/wheelhouse/gentoo/avx2, /cvmfs/soft.computecanada.ca/custom/python/wheelhouse/gentoo2020/generic, /cvmfs/soft.computecanada.ca/custom/python/wheelhouse/gentoo/generic, /cvmfs/soft.computecanada.ca/custom/python/wheelhouse/generic
Processing /cvmfs/soft.computecanada.ca/custom/python/wheelhouse/generic/tensorboard-2.13.0+computecanada-py3-none-any.whl
Processing /cvmfs/soft.computecanada.ca/custom/python/wheelhouse/generic/werkzeug-2.3.7+computecanada-py3-none-any.whl
Processing /cvmfs/soft.computecanada.ca/custom/python/wheelhouse/generic/tensorboard_data_server-0.7.0+computecanada-py3-none-any.whl
Requirement already satisfied: numpy>=1.12.0 in /cvmfs/soft.computecanada.ca/easybuild/software/2020/avx2/Core/scipy-stack/2023b/lib/python3.9/site-packages (from tensorboard) (1.25.2+computecanada)
Requirement already satisfied: setuptools>=41.0.0 in /localscratch/src.12092013.0/env/lib/python3.9/site-packages (from tensorboard) (46.1.3)
Requirement already satisfied: wheel>=0.26 in /localscratch/src.12092013.0/env/lib/python3.9/site-packages (from tensorboard) (0.34.2)
Processing /cvmfs/soft.computecanada.ca/custom/python/wheelhouse/generic/Markdown-3.4.4+computecanada-py3-none-any.whl
Requirement already satisfied: requests<3,>=2.21.0 in /cvmfs/soft.computecanada.ca/easybuild/software/2020/avx2/Core/scipy-stack/2023b/lib/python3.9/site-packages (from tensorboard) (2.31.0+computecanada)
Processing /cvmfs/soft.computecanada.ca/custom/python/wheelhouse/generic/google_auth_oauthlib-1.0.0+computecanada-py2.py3-none-any.whl
Processing /cvmfs/soft.computecanada.ca/custom/python/wheelhouse/gentoo/avx2/protobuf-4.22.2+computecanada-cp39-cp39-linux_x86_64.whl
Processing /cvmfs/soft.computecanada.ca/custom/python/wheelhouse/generic/absl_py-1.4.0+computecanada-py3-none-any.whl
Processing /cvmfs/soft.computecanada.ca/custom/python/wheelhouse/generic/google_auth-2.22.0+computecanada-py2.py3-none-any.whl
Processing /cvmfs/soft.computecanada.ca/custom/python/wheelhouse/gentoo/generic/grpcio-1.57.0+computecanada-cp39-cp39-linux_x86_64.whl
Processing /cvmfs/soft.computecanada.ca/custom/python/wheelhouse/generic/pyasn1_modules-0.3.0+computecanada-py2.py3-none-any.whl
Processing /cvmfs/soft.computecanada.ca/custom/python/wheelhouse/generic/rsa-4.9+computecanada-py3-none-any.whl
Processing /cvmfs/soft.computecanada.ca/custom/python/wheelhouse/generic/urllib3-1.26.15+computecanada-py2.py3-none-any.whl
Processing /cvmfs/soft.computecanada.ca/custom/python/wheelhouse/generic/cachetools-5.3.1+computecanada-py3-none-any.whl
Requirement already satisfied: six>=1.9.0 in /cvmfs/soft.computecanada.ca/easybuild/software/2020/avx2/Core/ipykernel/2023b/lib/python3.9/site-packages (from google-auth<3,>=1.6.3->tensorboard) (1.16.0+computecanada)
Processing /cvmfs/soft.computecanada.ca/custom/python/wheelhouse/generic/requests_oauthlib-1.3.1+computecanada-py2.py3-none-any.whl
Requirement already satisfied: importlib-metadata>=4.4 in /cvmfs/soft.computecanada.ca/easybuild/software/2020/avx2/Core/ipykernel/2023b/lib/python3.9/site-packages (from markdown>=2.6.8->tensorboard) (6.8.0+computecanada)
Requirement already satisfied: charset-normalizer<4,>=2 in /cvmfs/soft.computecanada.ca/easybuild/software/2020/avx2/Core/scipy-stack/2023b/lib/python3.9/site-packages (from requests<3,>=2.21.0->tensorboard) (3.2.0+computecanada)
Requirement already satisfied: certifi>=2017.4.17 in /cvmfs/soft.computecanada.ca/easybuild/software/2020/avx2/Core/scipy-stack/2023b/lib/python3.9/site-packages (from requests<3,>=2.21.0->tensorboard) (2023.7.22+computecanada)
Requirement already satisfied: idna<4,>=2.5 in /cvmfs/soft.computecanada.ca/easybuild/software/2020/avx2/Core/scipy-stack/2023b/lib/python3.9/site-packages (from requests<3,>=2.21.0->tensorboard) (3.4+computecanada)
Requirement already satisfied: MarkupSafe>=2.1.1 in /cvmfs/soft.computecanada.ca/easybuild/software/2020/avx2/Core/scipy-stack/2023b/lib/python3.9/site-packages (from werkzeug>=1.0.1->tensorboard) (2.1.3+computecanada)
Requirement already satisfied: zipp>=0.5 in /cvmfs/soft.computecanada.ca/easybuild/software/2020/avx2/Core/ipykernel/2023b/lib/python3.9/site-packages (from importlib-metadata>=4.4->markdown>=2.6.8->tensorboard) (3.16.2+computecanada)
Processing /cvmfs/soft.computecanada.ca/custom/python/wheelhouse/generic/pyasn1-0.5.0+computecanada-py2.py3-none-any.whl
Processing /cvmfs/soft.computecanada.ca/custom/python/wheelhouse/generic/oauthlib-3.2.2+computecanada-py3-none-any.whl
Installing collected packages: werkzeug, urllib3, tensorboard-data-server, pyasn1, protobuf, oauthlib, grpcio, cachetools, absl-py, rsa, pyasn1-modules, markdown, requests-oauthlib, google-auth, google-auth-oauthlib, tensorboard
  Attempting uninstall: urllib3
    Found existing installation: urllib3 2.0.4+computecanada
    Not uninstalling urllib3 at /cvmfs/soft.computecanada.ca/easybuild/software/2020/avx2/Core/scipy-stack/2023b/lib/python3.9/site-packages, outside environment /localscratch/src.12092013.0/env
    Can't uninstall 'urllib3'. No files were found to uninstall.
Successfully installed absl-py-1.4.0+computecanada cachetools-5.3.1+computecanada google-auth-2.22.0+computecanada google-auth-oauthlib-1.0.0+computecanada grpcio-1.57.0+computecanada markdown-3.4.4+computecanada oauthlib-3.2.2+computecanada protobuf-4.22.2+computecanada pyasn1-0.5.0+computecanada pyasn1-modules-0.3.0+computecanada requests-oauthlib-1.3.1+computecanada rsa-4.9+computecanada tensorboard-2.13.0+computecanada tensorboard-data-server-0.7.0+computecanada urllib3-1.26.15+computecanada werkzeug-2.3.7+computecanada
IncrementalReadingLanguageModelling/src/language_models/transformer/parameters_pos_0.025_20/nwp_model_1_1000
IncrementalReadingLanguageModelling/src/language_models/transformer/parameters_pos_0.025_20/nwp_model_1_10000
IncrementalReadingLanguageModelling/src/language_models/transformer/parameters_pos_0.025_20/nwp_model_1_11711340
IncrementalReadingLanguageModelling/src/language_models/transformer/parameters_pos_0.025_20/nwp_model_1_3000
IncrementalReadingLanguageModelling/src/language_models/transformer/parameters_pos_0.025_20/nwp_model_1_30000
['sent_nr', 'word_pos', 'parameters_pos_0.025_20_nwp_model_1_1000', 'item', 'word', 'original word', 'parameters_pos_0.025_20_nwp_model_1_10000', 'parameters_pos_0.025_20_nwp_model_1_11711340', 'parameters_pos_0.025_20_nwp_model_1_3000', 'parameters_pos_0.025_20_nwp_model_1_30000']
['parameters_pos_0.025_20_nwp_model_1_1000', 'parameters_pos_0.025_20_nwp_model_1_10000', 'parameters_pos_0.025_20_nwp_model_1_11711340', 'parameters_pos_0.025_20_nwp_model_1_3000', 'parameters_pos_0.025_20_nwp_model_1_30000']
